[36mvite v6.3.5 [32mbuilding for production...[36m[39m
transforming...
[32mΓ£ô[39m 1063 modules transformed.
node.exe : [31mΓ£ù[39m Build 
failed in 7.79s
At line:1 char:1
+ & "C:\Program 
Files\nodejs/node.exe" "C:\Program 
Files\nodejs/node_mo ...
+ ~~~~~~~~~~~~~~~~~~~~~~~~~~~~~~~~~~
~~~~~~~~~~~~~~~~~~~~~~~~~~~~~~~~~~~
    + CategoryInfo          : NotSp 
   ecified: ([31mΓ£ù[39m Build f  
  ailed in 7.79s:String) [], Remo   
 teException
    + FullyQualifiedErrorId : Nativ 
   eCommandError
 
[31merror during build:
[31m[vite-plugin-pwa:build] 
[plugin vite-plugin-pwa:build] 
There was an error during the build:
  [vite]: Rollup failed to resolve 
import "embla-carousel-autoplay" 
from "C:/project/marys-thrift-financ
e/src/app/components/Testimonials.ts
x".
This is most likely unintended 
because it can break your 
application at runtime.
If you do want to externalize this 
module explicitly add it to
`build.rollupOptions.external`
Additionally, handling the error in 
the 'buildEnd' hook caused the 
following error:
  [vite]: Rollup failed to resolve 
import "embla-carousel-autoplay" 
from "C:/project/marys-thrift-financ
e/src/app/components/Testimonials.ts
x".
This is most likely unintended 
because it can break your 
application at runtime.
If you do want to externalize this 
module explicitly add it to
`build.rollupOptions.external`[31m
    at getRollupError (file:///C:/pr
oject/marys-thrift-finance/node_modu
les/rollup/dist/es/shared/parseAst.j
s:400:41)
    at file:///C:/project/marys-thri
ft-finance/node_modules/rollup/dist/
es/shared/node-entry.js:23423:39
    at async 
catchUnfinishedHookActions (file:///
C:/project/marys-thrift-finance/node
_modules/rollup/dist/es/shared/node-
entry.js:22881:16)
    at async rollupInternal (file://
/C:/project/marys-thrift-finance/nod
e_modules/rollup/dist/es/shared/node
-entry.js:23406:5)
    at async buildEnvironment (file:
///C:/project/marys-thrift-finance/n
ode_modules/vite/dist/node/chunks/de
p-DBxKXgDP.js:46206:14)
    at async Object.defaultBuildApp 
[as buildApp] (file:///C:/project/ma
rys-thrift-finance/node_modules/vite
/dist/node/chunks/dep-DBxKXgDP.js:46
684:5)
    at async CAC.<anonymous> (file:/
//C:/project/marys-thrift-finance/no
de_modules/vite/dist/node/cli.js:863
:7)[39m
